o
t@ip-172-31-44-189:~# cd .ssh
root@ip-172-31-44-189:~/.ssh# ls
authorized_keys  id_rsa  id_rsa.pub  known_hosts
root@ip-172-31-44-189:~/.ssh# vi id_rsa.pub
root@ip-172-31-44-189:~/.ssh# cat id_rsa.pub
ssh-rsa AAAAB3NzaC1yc2EAAAADAQABAAABAQDJcouQ0dJyQF0chILOqZ+dHppWCThAt6ouCaJx5oF4JaF4RtK8HMF6FjCuLnTZXmqP2HHA5khdI8dgcJyGzq4VKdt1F97Yr8vPXpDrxrWf9CuUBenJCpVglSfyAoYW0Ds0b0sUw0okyRq5gl6cC4WLFNPLzTCo0thReiqci1+7SneXUGp4gDHSisZwiWaoJzAfs3ue6v4rdmQLaaacBCf13uJXtF1xtOV51EH6qWd2rQcAFTFhpK2MQigM3mA7J6oigHo4gucoFRheAkXeXeN3bu09aNPmqv3ynOkoqbaOLr/OB7oTZGWxefEK4A5wP+wlotLs92a6WpWq+f6sf0RZ root@ip-172-31-44-189
root@ip-172-31-44-189:~/.ssh# docker ps -a
CONTAINER ID        IMAGE               COMMAND             CREATED             STATUS              PORTS               NAMES
fe5b2c3fcfea        ubuntu              "/bin/bash"         2 hours ago         Up 2 hours                              thirsty_tharp
root@ip-172-31-44-189:~/.ssh# docker inspect fe5b2c3fcfea
[
    {
        "Id": "fe5b2c3fcfeaa4c369885fc4d3ad239435dbff4adc99884ef5712991ff004c34",
        "Created": "2020-01-15T16:13:21.273529928Z",
        "Path": "/bin/bash",
        "Args": [],
        "State": {
            "Status": "running",
            "Running": true,
            "Paused": false,
            "Restarting": false,
            "OOMKilled": false,
            "Dead": false,
            "Pid": 2398,
            "ExitCode": 0,
            "Error": "",
            "StartedAt": "2020-01-15T16:13:21.934791331Z",
            "FinishedAt": "0001-01-01T00:00:00Z"
        },
        "Image": "sha256:549b9b86cb8d75a2b668c21c50ee092716d070f129fd1493f95ab7e43767eab8",
        "ResolvConfPath": "/var/lib/docker/containers/fe5b2c3fcfeaa4c369885fc4d3ad239435dbff4adc99884ef5712991ff004c34/resolv.conf",
        "HostnamePath": "/var/lib/docker/containers/fe5b2c3fcfeaa4c369885fc4d3ad239435dbff4adc99884ef5712991ff004c34/hostname",
        "HostsPath": "/var/lib/docker/containers/fe5b2c3fcfeaa4c369885fc4d3ad239435dbff4adc99884ef5712991ff004c34/hosts",
        "LogPath": "/var/lib/docker/containers/fe5b2c3fcfeaa4c369885fc4d3ad239435dbff4adc99884ef5712991ff004c34/fe5b2c3fcfeaa4c369885fc4d3ad239435dbff4adc99884ef5712991ff004c34-json.log",
        "Name": "/thirsty_tharp",
        "RestartCount": 0,
        "Driver": "overlay2",
        "Platform": "linux",
        "MountLabel": "",
        "ProcessLabel": "",
        "AppArmorProfile": "docker-default",
        "ExecIDs": null,
        "HostConfig": {
            "Binds": null,
            "ContainerIDFile": "",
            "LogConfig": {
                "Type": "json-file",
                "Config": {}
            },
            "NetworkMode": "default",
            "PortBindings": {},
            "RestartPolicy": {
                "Name": "no",
                "MaximumRetryCount": 0
            },
            "AutoRemove": false,
            "VolumeDriver": "",
            "VolumesFrom": null,
            "CapAdd": null,
            "CapDrop": null,
            "Capabilities": null,
            "Dns": [],
            "DnsOptions": [],
            "DnsSearch": [],
            "ExtraHosts": null,
            "GroupAdd": null,
            "IpcMode": "private",
            "Cgroup": "",
            "Links": null,
            "OomScoreAdj": 0,
            "PidMode": "",
            "Privileged": false,
            "PublishAllPorts": false,
            "ReadonlyRootfs": false,
            "SecurityOpt": null,
            "UTSMode": "",
            "UsernsMode": "",
            "ShmSize": 67108864,
            "Runtime": "runc",
            "ConsoleSize": [
                0,
                0
            ],
            "Isolation": "",
            "CpuShares": 0,
            "Memory": 0,
            "NanoCpus": 0,
            "CgroupParent": "",
            "BlkioWeight": 0,
            "BlkioWeightDevice": [],
            "BlkioDeviceReadBps": null,
            "BlkioDeviceWriteBps": null,
            "BlkioDeviceReadIOps": null,
            "BlkioDeviceWriteIOps": null,
            "CpuPeriod": 0,
            "CpuQuota": 0,
            "CpuRealtimePeriod": 0,
            "CpuRealtimeRuntime": 0,
            "CpusetCpus": "",
            "CpusetMems": "",
            "Devices": [],
            "DeviceCgroupRules": null,
            "DeviceRequests": null,
            "KernelMemory": 0,
            "KernelMemoryTCP": 0,
            "MemoryReservation": 0,
            "MemorySwap": 0,
            "MemorySwappiness": null,
            "OomKillDisable": false,
            "PidsLimit": null,
            "Ulimits": null,
            "CpuCount": 0,
            "CpuPercent": 0,
            "IOMaximumIOps": 0,
            "IOMaximumBandwidth": 0,
            "MaskedPaths": [
                "/proc/asound",
                "/proc/acpi",
                "/proc/kcore",
                "/proc/keys",
                "/proc/latency_stats",
                "/proc/timer_list",
                "/proc/timer_stats",
                "/proc/sched_debug",
                "/proc/scsi",
                "/sys/firmware"
            ],
            "ReadonlyPaths": [
                "/proc/bus",
                "/proc/fs",
                "/proc/irq",
                "/proc/sys",
                "/proc/sysrq-trigger"
            ]
        },
        "GraphDriver": {
            "Data": {
                "LowerDir": "/var/lib/docker/overlay2/946efcb8f8dcc186d65954a9be8a86d97f2989403fbf86cb99f9000cb8354bae-init/diff:/var/lib/docker/overlay2/fda29f012d571516bcb8285ae7abd1fd89a203aa4af79c7566c48f793088ef6e/diff:/var/lib/docker/overlay2/0e35944cf9ddfd1c1643f07bee982c83db1436b9591fd00a093a8693432513da/diff:/var/lib/docker/overlay2/17c88084279793080e9ee9dcebdfeffa737ff04a7a2c780b6e162585743280f6/diff:/var/lib/docker/overlay2/2b3a6a3c9e5125c5ef4ee4958b5ace8248b0aab319d8c08d52ae9fc4c5d5b16c/diff",
                "MergedDir": "/var/lib/docker/overlay2/946efcb8f8dcc186d65954a9be8a86d97f2989403fbf86cb99f9000cb8354bae/merged",
                "UpperDir": "/var/lib/docker/overlay2/946efcb8f8dcc186d65954a9be8a86d97f2989403fbf86cb99f9000cb8354bae/diff",
                "WorkDir": "/var/lib/docker/overlay2/946efcb8f8dcc186d65954a9be8a86d97f2989403fbf86cb99f9000cb8354bae/work"
            },
            "Name": "overlay2"
        },
        "Mounts": [],
        "Config": {
            "Hostname": "fe5b2c3fcfea",
            "Domainname": "",
            "User": "",
            "AttachStdin": true,
            "AttachStdout": true,
            "AttachStderr": true,
            "Tty": true,
            "OpenStdin": true,
            "StdinOnce": true,
            "Env": [
                "PATH=/usr/local/sbin:/usr/local/bin:/usr/sbin:/usr/bin:/sbin:/bin"
            ],
            "Cmd": [
                "/bin/bash"
            ],
            "Image": "ubuntu",
            "Volumes": null,
            "WorkingDir": "",
            "Entrypoint": null,
            "OnBuild": null,
            "Labels": {}
        },
        "NetworkSettings": {
            "Bridge": "",
            "SandboxID": "f136d480ac53b008a9fec0208df459422eb83a6648b1eb83c766aab74fe9fa8e",
            "HairpinMode": false,
            "LinkLocalIPv6Address": "",
            "LinkLocalIPv6PrefixLen": 0,
            "Ports": {},
            "SandboxKey": "/var/run/docker/netns/f136d480ac53",
            "SecondaryIPAddresses": null,
            "SecondaryIPv6Addresses": null,
            "EndpointID": "cba9fa00fdb8a7f3a954ca04661c44d72159e06b09e4bdb86c2e703b0294b5a0",
            "Gateway": "172.17.0.1",
            "GlobalIPv6Address": "",
            "GlobalIPv6PrefixLen": 0,
            "IPAddress": "172.17.0.2",
            "IPPrefixLen": 16,
            "IPv6Gateway": "",
            "MacAddress": "02:42:ac:11:00:02",
            "Networks": {
                "bridge": {
                    "IPAMConfig": null,
                    "Links": null,
                    "Aliases": null,
                    "NetworkID": "437c7ad9e4dd1623417580afcea8d5e47e54c21110cf89688e9808f84be20ecd",
                    "EndpointID": "cba9fa00fdb8a7f3a954ca04661c44d72159e06b09e4bdb86c2e703b0294b5a0",
                    "Gateway": "172.17.0.1",
                    "IPAddress": "172.17.0.2",
                    "IPPrefixLen": 16,
                    "IPv6Gateway": "",
                    "GlobalIPv6Address": "",
                    "GlobalIPv6PrefixLen": 0,
                    "MacAddress": "02:42:ac:11:00:02",
                    "DriverOpts": null
                }
            }
        }
    }
]
root@ip-172-31-44-189:~/.ssh# ssh devops@172.17.0.2
devops@172.17.0.2's password:
Welcome to Ubuntu 18.04.3 LTS (GNU/Linux 4.15.0-1057-aws x86_64)

 * Documentation:  https://help.ubuntu.com
 * Management:     https://landscape.canonical.com
 * Support:        https://ubuntu.com/advantage

This system has been minimized by removing packages and content that are
not required on a system that users do not log into.

To restore this content, you can run the 'unminimize' command.

The programs included with the Ubuntu system are free software;
the exact distribution terms for each program are described in the
individual files in /usr/share/doc/*/copyright.

Ubuntu comes with ABSOLUTELY NO WARRANTY, to the extent permitted by
applicable law.


The programs included with the Ubuntu system are free software;
the exact distribution terms for each program are described in the
individual files in /usr/share/doc/*/copyright.

Ubuntu comes with ABSOLUTELY NO WARRANTY, to the extent permitted by
applicable law.

Last login: Wed Jan 15 17:46:34 2020 from 172.17.0.1
$ exit
Connection to 172.17.0.2 closed.
root@ip-172-31-44-189:~/.ssh# ssh devops@172.17.0.2
devops@172.17.0.2's password:
Welcome to Ubuntu 18.04.3 LTS (GNU/Linux 4.15.0-1057-aws x86_64)

 * Documentation:  https://help.ubuntu.com
 * Management:     https://landscape.canonical.com
 * Support:        https://ubuntu.com/advantage

This system has been minimized by removing packages and content that are
not required on a system that users do not log into.

To restore this content, you can run the 'unminimize' command.

The programs included with the Ubuntu system are free software;
the exact distribution terms for each program are described in the
individual files in /usr/share/doc/*/copyright.

Ubuntu comes with ABSOLUTELY NO WARRANTY, to the extent permitted by
applicable law.


The programs included with the Ubuntu system are free software;
the exact distribution terms for each program are described in the
individual files in /usr/share/doc/*/copyright.

Ubuntu comes with ABSOLUTELY NO WARRANTY, to the extent permitted by
applicable law.

Last login: Wed Jan 15 17:52:07 2020 from 172.17.0.1
$ bash
devops@fe5b2c3fcfea:~$ exit
exit
$ exit
Connection to 172.17.0.2 closed.
root@ip-172-31-44-189:~/.ssh# cd ~
root@ip-172-31-44-189:~# ll
total 92
drwx------ 12 root root  4096 Jan 15 17:49 ./
drwxr-xr-x 23 root root  4096 Jan 15 16:08 ../
drwx------  4 root root  4096 Jan 15 17:04 .ansible/
-rw-------  1 root root  9665 Jan 15 17:47 .bash_history
-rw-r--r--  1 root root  3106 Apr  9  2018 .bashrc
drwxr-xr-x  8 root root  4096 Jan 14 18:51 .git/
-rw-r--r--  1 root root   148 Aug 17  2015 .profile
drwx------  2 root root  4096 Jan 15 17:49 .ssh/
-rw-------  1 root root 11954 Jan 15 17:49 .viminfo
-rw-r--r--  1 root root  5480 Jan 13 16:10 commands_practice.txt
drwxr-xr-x  2 root root  4096 Jan 14 18:47 data-facts/
drwxr-xr-x  2 root root  4096 Jan 14 18:17 data-secret/
drwxr-xr-x  2 root root  4096 Jan 14 17:34 deploy-adhoc/
drwxr-xr-x  2 root root  4096 Jan 13 16:36 deploy-inventory/
drwxr-xr-x  2 root root  4096 Jan 13 17:02 deploy-manage/
drwxr-xr-x  2 root root  4096 Jan 15 17:04 file-manage/
-rw-r--r--  1 root root  1070 Jan 13 16:25 hosts_modified
drwxr-xr-x  3 root root  4096 Jan  6 09:47 snap/
root@ip-172-31-44-189:~# cd file-manage/
root@ip-172-31-44-189:~/file-manage# ls
secure_log_backups.yml
root@ip-172-31-44-189:~/file-manage# ansible-playbook --check secure_log_backups.yml

PLAY [use the fetch module to retrive secure log files] ******************************************************************

TASK [Gathering Facts] ***************************************************************************************************
fatal: [172.17.0.2]: UNREACHABLE! => {"changed": false, "msg": "Failed to connect to the host via ssh: devops@172.17.0.2: Permission denied (publickey,password).", "unreachable": true}

PLAY RECAP ***************************************************************************************************************
172.17.0.2                 : ok=0    changed=0    unreachable=1    failed=0    skipped=0    rescued=0    ignored=0

root@ip-172-31-44-189:~/file-manage# vi secure_log_backups.yml
root@ip-172-31-44-189:~/file-manage# cat secure_log_backups.yml
---
- name: use the fetch module to retrive secure log files
  hosts: all
  remote_user: devops
  tasks:
    - name: fetch the /var/log/secure log file from managed hosts
      fetch:
        src: /var/log
        dest: secure-backups
        flat: no
root@ip-172-31-44-189:~/file-manage# ansible-doc --ask-pass
usage: ansible-doc [-h] [--version] [-v] [-M MODULE_PATH]
                   [--playbook-dir BASEDIR]
                   [-t {become,cache,callback,cliconf,connection,httpapi,inventory,lookup,shell,module,strategy,vars}]
                   [-j] [-F | -l | -s | --metadata-dump]
                   [plugin [plugin ...]]
ansible-doc: error: unrecognized arguments: --ask-pass
root@ip-172-31-44-189:~/file-manage# ansible all -m ping
172.17.0.2 | UNREACHABLE! => {
    "changed": false,
    "msg": "Failed to connect to the host via ssh: root@172.17.0.2: Permission denied (publickey,password).",
    "unreachable": true
}
root@ip-172-31-44-189:~/file-manage# vi secure_log_backups.yml
root@ip-172-31-44-189:~/file-manage# ansible all -m ping
172.17.0.2 | UNREACHABLE! => {
    "changed": false,
    "msg": "Failed to connect to the host via ssh: root@172.17.0.2: Permission denied (publickey,password).",
    "unreachable": true
}
root@ip-172-31-44-189:~/file-manage# vi secure_log_backups.yml
root@ip-172-31-44-189:~/file-manage# ansible all -m ping
172.17.0.2 | UNREACHABLE! => {
    "changed": false,
    "msg": "Failed to connect to the host via ssh: root@172.17.0.2: Permission denied (publickey,password).",
    "unreachable": true
}
root@ip-172-31-44-189:~/file-manage# ansible-playbook --check secure_log_backups.yml

PLAY [use the fetch module to retrive secure log files] ******************************************************************

TASK [Gathering Facts] ***************************************************************************************************
fatal: [172.17.0.2]: UNREACHABLE! => {"changed": false, "msg": "Failed to connect to the host via ssh: devops@172.17.0.2: Permission denied (publickey,password).", "unreachable": true}

PLAY RECAP ***************************************************************************************************************
172.17.0.2                 : ok=0    changed=0    unreachable=1    failed=0    skipped=0    rescued=0    ignored=0

root@ip-172-31-44-189:~/file-manage# ansible-playbook --check secure_log_backups.yml --ask-pass
SSH password:

PLAY [use the fetch module to retrive secure log files] ******************************************************************

TASK [Gathering Facts] ***************************************************************************************************
fatal: [172.17.0.2]: UNREACHABLE! => {"changed": false, "msg": "Authentication or permission failure. In some cases, you may have been able to authenticate and did not have permissions on the target directory. Consider changing the remote tmp path in ansible.cfg to a path rooted in \"/tmp\". Failed command was: ( umask 77 && mkdir -p \"` echo /home/devops/.ansible/tmp/ansible-tmp-1579111622.06-201568055099654 `\" && echo ansible-tmp-1579111622.06-201568055099654=\"` echo /home/devops/.ansible/tmp/ansible-tmp-1579111622.06-201568055099654 `\" ), exited with result 1", "unreachable": true}

PLAY RECAP ***************************************************************************************************************
172.17.0.2                 : ok=0    changed=0    unreachable=1    failed=0    skipped=0    rescued=0    ignored=0

root@ip-172-31-44-189:~/file-manage# ll
total 12
drwxr-xr-x  2 root root 4096 Jan 15 18:03 ./
drwx------ 12 root root 4096 Jan 15 18:03 ../
-rw-r--r--  1 root root  269 Jan 15 18:03 secure_log_backups.yml
root@ip-172-31-44-189:~/file-manage# cd ..
root@ip-172-31-44-189:~# ansoible --version

Command 'ansoible' not found, did you mean:

  command 'ansible' from deb ansible

Try: apt install <deb name>

root@ip-172-31-44-189:~# ansible --version
ansible 2.9.2
  config file = /etc/ansible/ansible.cfg
  configured module search path = [u'/root/.ansible/plugins/modules', u'/usr/share/ansible/plugins/modules']
  ansible python module location = /usr/lib/python2.7/dist-packages/ansible
  executable location = /usr/bin/ansible
  python version = 2.7.17 (default, Nov  7 2019, 10:07:09) [GCC 7.4.0]
root@ip-172-31-44-189:~# cd /etc/ansible/
root@ip-172-31-44-189:/etc/ansible# ls
ansible.cfg  hosts  roles
root@ip-172-31-44-189:/etc/ansible# cat ansible.cfg
# config file for ansible -- https://ansible.com/
# ===============================================

# nearly all parameters can be overridden in ansible-playbook
# or with command line flags. ansible will read ANSIBLE_CONFIG,
# ansible.cfg in the current working directory, .ansible.cfg in
# the home directory or /etc/ansible/ansible.cfg, whichever it
# finds first

[defaults]

# some basic default values...

#inventory      = /etc/ansible/hosts
#library        = /usr/share/my_modules/
#module_utils   = /usr/share/my_module_utils/
#remote_tmp     = ~/.ansible/tmp
#local_tmp      = ~/.ansible/tmp
#plugin_filters_cfg = /etc/ansible/plugin_filters.yml
#forks          = 5
#poll_interval  = 15
#sudo_user      = root
#ask_sudo_pass = True
#ask_pass      = True
#transport      = smart
#remote_port    = 22
#module_lang    = C
#module_set_locale = False

# plays will gather facts by default, which contain information about
# the remote system.
#
# smart - gather by default, but don't regather if already gathered
# implicit - gather by default, turn off with gather_facts: False
# explicit - do not gather by default, must say gather_facts: True
#gathering = implicit

# This only affects the gathering done by a play's gather_facts directive,
# by default gathering retrieves all facts subsets
# all - gather all subsets
# network - gather min and network facts
# hardware - gather hardware facts (longest facts to retrieve)
# virtual - gather min and virtual facts
# facter - import facts from facter
# ohai - import facts from ohai
# You can combine them using comma (ex: network,virtual)
# You can negate them using ! (ex: !hardware,!facter,!ohai)
# A minimal set of facts is always gathered.
#gather_subset = all

# some hardware related facts are collected
# with a maximum timeout of 10 seconds. This
# option lets you increase or decrease that
# timeout to something more suitable for the
# environment.
# gather_timeout = 10

# Ansible facts are available inside the ansible_facts.* dictionary
# namespace. This setting maintains the behaviour which was the default prior
# to 2.5, duplicating these variables into the main namespace, each with a
# prefix of 'ansible_'.
# This variable is set to True by default for backwards compatibility. It
# will be changed to a default of 'False' in a future release.
# ansible_facts.
# inject_facts_as_vars = True

# additional paths to search for roles in, colon separated
#roles_path    = /etc/ansible/roles

# uncomment this to disable SSH key host checking
#host_key_checking = False

# change the default callback, you can only have one 'stdout' type  enabled at a time.
#stdout_callback = skippy


## Ansible ships with some plugins that require whitelisting,
## this is done to avoid running all of a type by default.
## These setting lists those that you want enabled for your system.
## Custom plugins should not need this unless plugin author specifies it.

# enable callback plugins, they can output to stdout but cannot be 'stdout' type.
#callback_whitelist = timer, mail

# Determine whether includes in tasks and handlers are "static" by
# default. As of 2.0, includes are dynamic by default. Setting these
# values to True will make includes behave more like they did in the
# 1.x versions.
#task_includes_static = False
#handler_includes_static = False

# Controls if a missing handler for a notification event is an error or a warning
#error_on_missing_handler = True

# change this for alternative sudo implementations
#sudo_exe = sudo

# What flags to pass to sudo
# WARNING: leaving out the defaults might create unexpected behaviours
#sudo_flags = -H -S -n

# SSH timeout
#timeout = 10

# default user to use for playbooks if user is not specified
# (/usr/bin/ansible will use current user as default)
#remote_user = root

# logging is off by default unless this path is defined
# if so defined, consider logrotate
#log_path = /var/log/ansible.log

# default module name for /usr/bin/ansible
#module_name = command

# use this shell for commands executed under sudo
# you may need to change this to bin/bash in rare instances
# if sudo is constrained
#executable = /bin/sh

# if inventory variables overlap, does the higher precedence one win
# or are hash values merged together?  The default is 'replace' but
# this can also be set to 'merge'.
#hash_behaviour = replace

# by default, variables from roles will be visible in the global variable
# scope. To prevent this, the following option can be enabled, and only
# tasks and handlers within the role will see the variables there
#private_role_vars = yes

# list any Jinja2 extensions to enable here:
#jinja2_extensions = jinja2.ext.do,jinja2.ext.i18n

# if set, always use this private key file for authentication, same as
# if passing --private-key to ansible or ansible-playbook
#private_key_file = /path/to/file

# If set, configures the path to the Vault password file as an alternative to
# specifying --vault-password-file on the command line.
#vault_password_file = /path/to/vault_password_file

# format of string {{ ansible_managed }} available within Jinja2
# templates indicates to users editing templates files will be replaced.
# replacing {file}, {host} and {uid} and strftime codes with proper values.
#ansible_managed = Ansible managed: {file} modified on %Y-%m-%d %H:%M:%S by {uid} on {host}
# {file}, {host}, {uid}, and the timestamp can all interfere with idempotence
# in some situations so the default is a static string:
#ansible_managed = Ansible managed

# by default, ansible-playbook will display "Skipping [host]" if it determines a task
# should not be run on a host.  Set this to "False" if you don't want to see these "Skipping"
# messages. NOTE: the task header will still be shown regardless of whether or not the
# task is skipped.
#display_skipped_hosts = True

# by default, if a task in a playbook does not include a name: field then
# ansible-playbook will construct a header that includes the task's action but
# not the task's args.  This is a security feature because ansible cannot know
# if the *module* considers an argument to be no_log at the time that the
# header is printed.  If your environment doesn't have a problem securing
# stdout from ansible-playbook (or you have manually specified no_log in your
# playbook on all of the tasks where you have secret information) then you can
# safely set this to True to get more informative messages.
#display_args_to_stdout = False

# by default (as of 1.3), Ansible will raise errors when attempting to dereference
# Jinja2 variables that are not set in templates or action lines. Uncomment this line
# to revert the behavior to pre-1.3.
#error_on_undefined_vars = False

# by default (as of 1.6), Ansible may display warnings based on the configuration of the
# system running ansible itself. This may include warnings about 3rd party packages or
# other conditions that should be resolved if possible.
# to disable these warnings, set the following value to False:
#system_warnings = True

# by default (as of 1.4), Ansible may display deprecation warnings for language
# features that should no longer be used and will be removed in future versions.
# to disable these warnings, set the following value to False:
#deprecation_warnings = True

# (as of 1.8), Ansible can optionally warn when usage of the shell and
# command module appear to be simplified by using a default Ansible module
# instead.  These warnings can be silenced by adjusting the following
# setting or adding warn=yes or warn=no to the end of the command line
# parameter string.  This will for example suggest using the git module
# instead of shelling out to the git command.
# command_warnings = False


# set plugin path directories here, separate with colons
#action_plugins     = /usr/share/ansible/plugins/action
#become_plugins     = /usr/share/ansible/plugins/become
#cache_plugins      = /usr/share/ansible/plugins/cache
#callback_plugins   = /usr/share/ansible/plugins/callback
#connection_plugins = /usr/share/ansible/plugins/connection
#lookup_plugins     = /usr/share/ansible/plugins/lookup
#inventory_plugins  = /usr/share/ansible/plugins/inventory
#vars_plugins       = /usr/share/ansible/plugins/vars
#filter_plugins     = /usr/share/ansible/plugins/filter
#test_plugins       = /usr/share/ansible/plugins/test
#terminal_plugins   = /usr/share/ansible/plugins/terminal
#strategy_plugins   = /usr/share/ansible/plugins/strategy


# by default, ansible will use the 'linear' strategy but you may want to try
# another one
#strategy = free

# by default callbacks are not loaded for /bin/ansible, enable this if you
# want, for example, a notification or logging callback to also apply to
# /bin/ansible runs
#bin_ansible_callbacks = False


# don't like cows?  that's unfortunate.
# set to 1 if you don't want cowsay support or export ANSIBLE_NOCOWS=1
#nocows = 1

# set which cowsay stencil you'd like to use by default. When set to 'random',
# a random stencil will be selected for each task. The selection will be filtered
# against the `cow_whitelist` option below.
#cow_selection = default
#cow_selection = random

# when using the 'random' option for cowsay, stencils will be restricted to this list.
# it should be formatted as a comma-separated list with no spaces between names.
# NOTE: line continuations here are for formatting purposes only, as the INI parser
#       in python does not support them.
#cow_whitelist=bud-frogs,bunny,cheese,daemon,default,dragon,elephant-in-snake,elephant,eyes,\
#              hellokitty,kitty,luke-koala,meow,milk,moofasa,moose,ren,sheep,small,stegosaurus,\
#              stimpy,supermilker,three-eyes,turkey,turtle,tux,udder,vader-koala,vader,www

# don't like colors either?
# set to 1 if you don't want colors, or export ANSIBLE_NOCOLOR=1
#nocolor = 1

# if set to a persistent type (not 'memory', for example 'redis') fact values
# from previous runs in Ansible will be stored.  This may be useful when
# wanting to use, for example, IP information from one group of servers
# without having to talk to them in the same playbook run to get their
# current IP information.
#fact_caching = memory

#This option tells Ansible where to cache facts. The value is plugin dependent.
#For the jsonfile plugin, it should be a path to a local directory.
#For the redis plugin, the value is a host:port:database triplet: fact_caching_connection = localhost:6379:0

#fact_caching_connection=/tmp



# retry files
# When a playbook fails a .retry file can be created that will be placed in ~/
# You can enable this feature by setting retry_files_enabled to True
# and you can change the location of the files by setting retry_files_save_path

#retry_files_enabled = False
#retry_files_save_path = ~/.ansible-retry

# squash actions
# Ansible can optimise actions that call modules with list parameters
# when looping. Instead of calling the module once per with_ item, the
# module is called once with all items at once. Currently this only works
# under limited circumstances, and only with parameters named 'name'.
#squash_actions = apk,apt,dnf,homebrew,pacman,pkgng,yum,zypper

# prevents logging of task data, off by default
#no_log = False

# prevents logging of tasks, but only on the targets, data is still logged on the master/controller
#no_target_syslog = False

# controls whether Ansible will raise an error or warning if a task has no
# choice but to create world readable temporary files to execute a module on
# the remote machine.  This option is False by default for security.  Users may
# turn this on to have behaviour more like Ansible prior to 2.1.x.  See
# https://docs.ansible.com/ansible/become.html#becoming-an-unprivileged-user
# for more secure ways to fix this than enabling this option.
#allow_world_readable_tmpfiles = False

# controls the compression level of variables sent to
# worker processes. At the default of 0, no compression
# is used. This value must be an integer from 0 to 9.
#var_compression_level = 9

# controls what compression method is used for new-style ansible modules when
# they are sent to the remote system.  The compression types depend on having
# support compiled into both the controller's python and the client's python.
# The names should match with the python Zipfile compression types:
# * ZIP_STORED (no compression. available everywhere)
# * ZIP_DEFLATED (uses zlib, the default)
# These values may be set per host via the ansible_module_compression inventory
# variable
#module_compression = 'ZIP_DEFLATED'

# This controls the cutoff point (in bytes) on --diff for files
# set to 0 for unlimited (RAM may suffer!).
#max_diff_size = 1048576

# This controls how ansible handles multiple --tags and --skip-tags arguments
# on the CLI.  If this is True then multiple arguments are merged together.  If
# it is False, then the last specified argument is used and the others are ignored.
# This option will be removed in 2.8.
#merge_multiple_cli_flags = True

# Controls showing custom stats at the end, off by default
#show_custom_stats = True

# Controls which files to ignore when using a directory as inventory with
# possibly multiple sources (both static and dynamic)
#inventory_ignore_extensions = ~, .orig, .bak, .ini, .cfg, .retry, .pyc, .pyo

# This family of modules use an alternative execution path optimized for network appliances
# only update this setting if you know how this works, otherwise it can break module execution
#network_group_modules=eos, nxos, ios, iosxr, junos, vyos

# When enabled, this option allows lookups (via variables like {{lookup('foo')}} or when used as
# a loop with `with_foo`) to return data that is not marked "unsafe". This means the data may contain
# jinja2 templating language which will be run through the templating engine.
# ENABLING THIS COULD BE A SECURITY RISK
#allow_unsafe_lookups = False

# set default errors for all plays
#any_errors_fatal = False

[inventory]
# enable inventory plugins, default: 'host_list', 'script', 'auto', 'yaml', 'ini', 'toml'
#enable_plugins = host_list, virtualbox, yaml, constructed

# ignore these extensions when parsing a directory as inventory source
#ignore_extensions = .pyc, .pyo, .swp, .bak, ~, .rpm, .md, .txt, ~, .orig, .ini, .cfg, .retry

# ignore files matching these patterns when parsing a directory as inventory source
#ignore_patterns=

# If 'true' unparsed inventory sources become fatal errors, they are warnings otherwise.
#unparsed_is_failed=False

[privilege_escalation]
#become=True
#become_method=sudo
#become_user=root
#become_ask_pass=False

[paramiko_connection]

# uncomment this line to cause the paramiko connection plugin to not record new host
# keys encountered.  Increases performance on new host additions.  Setting works independently of the
# host key checking setting above.
#record_host_keys=False

# by default, Ansible requests a pseudo-terminal for commands executed under sudo. Uncomment this
# line to disable this behaviour.
#pty=False

# paramiko will default to looking for SSH keys initially when trying to
# authenticate to remote devices.  This is a problem for some network devices
# that close the connection after a key failure.  Uncomment this line to
# disable the Paramiko look for keys function
#look_for_keys = False

# When using persistent connections with Paramiko, the connection runs in a
# background process.  If the host doesn't already have a valid SSH key, by
# default Ansible will prompt to add the host key.  This will cause connections
# running in background processes to fail.  Uncomment this line to have
# Paramiko automatically add host keys.
#host_key_auto_add = True

[ssh_connection]

# ssh arguments to use
# Leaving off ControlPersist will result in poor performance, so use
# paramiko on older platforms rather than removing it, -C controls compression use
#ssh_args = -C -o ControlMaster=auto -o ControlPersist=60s

# The base directory for the ControlPath sockets.
# This is the "%(directory)s" in the control_path option
#
# Example:
# control_path_dir = /tmp/.ansible/cp
#control_path_dir = ~/.ansible/cp

# The path to use for the ControlPath sockets. This defaults to a hashed string of the hostname,
# port and username (empty string in the config). The hash mitigates a common problem users
# found with long hostnames and the conventional %(directory)s/ansible-ssh-%%h-%%p-%%r format.
# In those cases, a "too long for Unix domain socket" ssh error would occur.
#
# Example:
# control_path = %(directory)s/%%h-%%r
#control_path =

# Enabling pipelining reduces the number of SSH operations required to
# execute a module on the remote server. This can result in a significant
# performance improvement when enabled, however when using "sudo:" you must
# first disable 'requiretty' in /etc/sudoers
#
# By default, this option is disabled to preserve compatibility with
# sudoers configurations that have requiretty (the default on many distros).
#
#pipelining = False

# Control the mechanism for transferring files (old)
#   * smart = try sftp and then try scp [default]
#   * True = use scp only
#   * False = use sftp only
#scp_if_ssh = smart

# Control the mechanism for transferring files (new)
# If set, this will override the scp_if_ssh option
#   * sftp  = use sftp to transfer files
#   * scp   = use scp to transfer files
#   * piped = use 'dd' over SSH to transfer files
#   * smart = try sftp, scp, and piped, in that order [default]
#transfer_method = smart

# if False, sftp will not use batch mode to transfer files. This may cause some
# types of file transfer failures impossible to catch however, and should
# only be disabled if your sftp version has problems with batch mode
#sftp_batch_mode = False

# The -tt argument is passed to ssh when pipelining is not enabled because sudo
# requires a tty by default.
#usetty = True

# Number of times to retry an SSH connection to a host, in case of UNREACHABLE.
# For each retry attempt, there is an exponential backoff,
# so after the first attempt there is 1s wait, then 2s, 4s etc. up to 30s (max).
#retries = 3

[persistent_connection]

# Configures the persistent connection timeout value in seconds.  This value is
# how long the persistent connection will remain idle before it is destroyed.
# If the connection doesn't receive a request before the timeout value
# expires, the connection is shutdown. The default value is 30 seconds.
#connect_timeout = 30

# The command timeout value defines the amount of time to wait for a command
# or RPC call before timing out. The value for the command timeout must
# be less than the value of the persistent connection idle timeout (connect_timeout)
# The default value is 30 second.
#command_timeout = 30

[accelerate]
#accelerate_port = 5099
#accelerate_timeout = 30
#accelerate_connect_timeout = 5.0

# The daemon timeout is measured in minutes. This time is measured
# from the last activity to the accelerate daemon.
#accelerate_daemon_timeout = 30

# If set to yes, accelerate_multi_key will allow multiple
# private keys to be uploaded to it, though each user must
# have access to the system via SSH to add a new key. The default
# is "no".
#accelerate_multi_key = yes

[selinux]
# file systems that require special treatment when dealing with security context
# the default behaviour that copies the existing context or uses the user default
# needs to be changed to use the file system dependent context.
#special_context_filesystems=nfs,vboxsf,fuse,ramfs,9p,vfat

# Set this to yes to allow libvirt_lxc connections to work without SELinux.
#libvirt_lxc_noseclabel = yes

[colors]
#highlight = white
#verbose = blue
#warn = bright purple
#error = red
#debug = dark gray
#deprecate = purple
#skip = cyan
#unreachable = red
#ok = green
#changed = yellow
#diff_add = green
#diff_remove = red
#diff_lines = cyan


[diff]
# Always print diff when running ( same as always running with -D/--diff )
# always = no

# Set how many context lines to show in diff
# context = 3
root@ip-172-31-44-189:/etc/ansible# vi ansible.cfg
root@ip-172-31-44-189:/etc/ansible# ansible-playbook --check secure_log_backups.yml --ask-pass
ERROR! the playbook: secure_log_backups.yml could not be found
root@ip-172-31-44-189:/etc/ansible# cd ~
root@ip-172-31-44-189:~# cd file-manage/
root@ip-172-31-44-189:~/file-manage# ansible-playbook --check secure_log_backups.yml --ask-pass
SSH password:

PLAY [use the fetch module to retrive secure log files] ******************************************************************

TASK [Gathering Facts] ***************************************************************************************************
fatal: [172.17.0.2]: UNREACHABLE! => {"changed": false, "msg": "Authentication or permission failure. In some cases, you may have been able to authenticate and did not have permissions on the target directory. Consider changing the remote tmp path in ansible.cfg to a path rooted in \"/tmp\". Failed command was: ( umask 77 && mkdir -p \"` echo /home/devops/.ansible/tmp/ansible-tmp-1579111886.07-60117411640117 `\" && echo ansible-tmp-1579111886.07-60117411640117=\"` echo /home/devops/.ansible/tmp/ansible-tmp-1579111886.07-60117411640117 `\" ), exited with result 1", "unreachable": true}

PLAY RECAP ***************************************************************************************************************
172.17.0.2                 : ok=0    changed=0    unreachable=1    failed=0    skipped=0    rescued=0    ignored=0

root@ip-172-31-44-189:~/file-manage# cd /etc/ansible
root@ip-172-31-44-189:/etc/ansible# vi ansible.cfg
root@ip-172-31-44-189:/etc/ansible# ansible-playbook secure_log_backups.yml --ask-pass
ERROR! the playbook: secure_log_backups.yml could not be found
root@ip-172-31-44-189:/etc/ansible# cd ~
root@ip-172-31-44-189:~# cd file-manage/
root@ip-172-31-44-189:~/file-manage# ansible-playbook secure_log_backups.yml --ask-pass
SSH password:

PLAY [use the fetch module to retrive secure log files] ******************************************************************

TASK [Gathering Facts] ***************************************************************************************************
fatal: [172.17.0.2]: UNREACHABLE! => {"changed": false, "msg": "Authentication or permission failure. In some cases, you may have been able to authenticate and did not have permissions on the target directory. Consider changing the remote tmp path in ansible.cfg to a path rooted in \"/tmp\". Failed command was: ( umask 77 && mkdir -p \"` echo /home/devops/.ansible/tmp/ansible-tmp-1579111987.79-38150712261022 `\" && echo ansible-tmp-1579111987.79-38150712261022=\"` echo /home/devops/.ansible/tmp/ansible-tmp-1579111987.79-38150712261022 `\" ), exited with result 1", "unreachable": true}

PLAY RECAP ***************************************************************************************************************
172.17.0.2                 : ok=0    changed=0    unreachable=1    failed=0    skipped=0    rescued=0    ignored=0

root@ip-172-31-44-189:~/file-manage# ansible all -m ping --ask-pass
SSH password:
172.17.0.2 | UNREACHABLE! => {
    "changed": false,
    "msg": "Invalid/incorrect password: Permission denied, please try again.",
    "unreachable": true
}
root@ip-172-31-44-189:~/file-manage# cd /etc/ansible/
root@ip-172-31-44-189:/etc/ansible# vi ansible.cfg
root@ip-172-31-44-189:/etc/ansible# ansible all -m ping --ask-pass
SSH password:
172.17.0.2 | UNREACHABLE! => {
    "changed": false,
    "msg": "Authentication or permission failure. In some cases, you may have been able to authenticate and did not have permissions on the target directory. Consider changing the remote tmp path in ansible.cfg to a path rooted in \"/tmp\". Failed command was: ( umask 77 && mkdir -p \"` echo /home/devops/.ansible/tmp/ansible-tmp-1579112083.11-242442912930798 `\" && echo ansible-tmp-1579112083.11-242442912930798=\"` echo /home/devops/.ansible/tmp/ansible-tmp-1579112083.11-242442912930798 `\" ), exited with result 1",
    "unreachable": true
}
root@ip-172-31-44-189:/etc/ansible# ^C
root@ip-172-31-44-189:/etc/ansible# cd /etc/ansible/
root@ip-172-31-44-189:/etc/ansible# vi ansible.cfg
root@ip-172-31-44-189:/etc/ansible# vi ansible.cfg
root@ip-172-31-44-189:/etc/ansible# ansible --version
Error reading config file (/etc/ansible/ansible.cfg): File contains parsing errors: <???>
        [line 493]: u'172.17.0.2172.17.0.2\n'
root@ip-172-31-44-189:/etc/ansible# vi ansible.cfg
root@ip-172-31-44-189:/etc/ansible# ansible --version
Error reading config file (/etc/ansible/ansible.cfg): File contains parsing errors: <???>
        [line 493]: u'172.17.0.2\n'
root@ip-172-31-44-189:/etc/ansible# vi ansible.cfg
root@ip-172-31-44-189:/etc/ansible# ll
total 36
drwxr-xr-x  3 root root  4096 Jan 15 18:20 ./
drwxr-xr-x 95 root root  4096 Jan 14 17:27 ../
-rw-r--r--  1 root root 20009 Jan 15 18:20 ansible.cfg
-rw-rw-rw-  1 root root  1097 Jan 15 16:45 hosts
drwxr-xr-x  2 root root  4096 Dec  4 23:11 roles/
root@ip-172-31-44-189:/etc/ansible# vi hosts
root@ip-172-31-44-189:/etc/ansible#
root@ip-172-31-44-189:/etc/ansible# vi hosts
root@ip-172-31-44-189:/etc/ansible# ansible all -m ping --ask-pass
SSH password:
172.17.0.2 | UNREACHABLE! => {
    "changed": false,
    "msg": "Authentication or permission failure. In some cases, you may have been able to authenticate and did not have permissions on the target directory. Consider changing the remote tmp path in ansible.cfg to a path rooted in \"/tmp\". Failed command was: ( umask 77 && mkdir -p \"` echo /home/devops/.ansible/tmp/ansible-tmp-1579112535.18-135614772106992 `\" && echo ansible-tmp-1579112535.18-135614772106992=\"` echo /home/devops/.ansible/tmp/ansible-tmp-1579112535.18-135614772106992 `\" ), exited with result 1",
    "unreachable": true
}
root@ip-172-31-44-189:/etc/ansible# vi ansible.cfg
root@ip-172-31-44-189:/etc/ansible# ansible all -m ping --ask-pass
SSH password:
172.17.0.2 | SUCCESS => {
    "ansible_facts": {
        "discovered_interpreter_python": "/usr/bin/python3"
    },
    "changed": false,
    "ping": "pong"
}
root@ip-172-31-44-189:/etc/ansible# ansible all -m ping --ask-pass
SSH password:
172.17.0.2 | SUCCESS => {
    "ansible_facts": {
        "discovered_interpreter_python": "/usr/bin/python3"
    },
    "changed": false,
    "ping": "pong"
}
root@ip-172-31-44-189:/etc/ansible# ansible all -m ping
172.17.0.2 | SUCCESS => {
    "ansible_facts": {
        "discovered_interpreter_python": "/usr/bin/python3"
    },
    "changed": false,
    "ping": "pong"
}
root@ip-172-31-44-189:/etc/ansible# ansible-playbook secure_log_backups.yml
ERROR! the playbook: secure_log_backups.yml could not be found
root@ip-172-31-44-189:/etc/ansible# cd ~
root@ip-172-31-44-189:~# cd file-manage/
root@ip-172-31-44-189:~/file-manage# ansible-playbook --check secure_log_backups.yml

PLAY [use the fetch module to retrive secure log files] ******************************************************************

TASK [Gathering Facts] ***************************************************************************************************
fatal: [172.17.0.2]: UNREACHABLE! => {"changed": false, "msg": "Failed to connect to the host via ssh: devops@172.17.0.2: Permission denied (publickey,password).", "unreachable": true}

PLAY RECAP ***************************************************************************************************************
172.17.0.2                 : ok=0    changed=0    unreachable=1    failed=0    skipped=0    rescued=0    ignored=0

root@ip-172-31-44-189:~/file-manage# ansible-playbook --check secure_log_backups.yml --ask-pass
SSH password:

PLAY [use the fetch module to retrive secure log files] ******************************************************************

TASK [Gathering Facts] ***************************************************************************************************
ok: [172.17.0.2]

TASK [fetch the /var/log/secure log file from managed hosts] *************************************************************
skipping: [172.17.0.2]

PLAY RECAP ***************************************************************************************************************
172.17.0.2                 : ok=1    changed=0    unreachable=0    failed=0    skipped=1    rescued=0    ignored=0

root@ip-172-31-44-189:~/file-manage# ansible-playbook secure_log_backups.yml

PLAY [use the fetch module to retrive secure log files] ******************************************************************

TASK [Gathering Facts] ***************************************************************************************************
ok: [172.17.0.2]

TASK [fetch the /var/log/secure log file from managed hosts] *************************************************************
fatal: [172.17.0.2]: FAILED! => {"changed": false, "file": "/var/log", "msg": "remote file is a directory, fetch cannot work on directories"}

PLAY RECAP ***************************************************************************************************************
172.17.0.2                 : ok=1    changed=0    unreachable=0    failed=1    skipped=0    rescued=0    ignored=0

root@ip-172-31-44-189:~/file-manage#

